// Jest Snapshot v1, https://goo.gl/fbAQLP

exports[`<Form /> should render the heading 1`] = `
.c0 {
  font-size: 1.4rem;
  color: #030517;
  text-align: center;
}

.c0 a {
  color: #13D7E0;
  text-decoration: none;
  border-bottom: 0.1rem solid #13D7E0;
  transition: color,border,0.1s ease-in-out;
}

.c0 a:hover {
  color: #0faab1;
  border-bottom: 0.1rem solid #0faab1;
}

<body>
  <div>
    <div
      class=""
    >
      <div
        class="c0"
      >
        My nice 
        <a
          href="#"
        >
          link
        </a>
      </div>
    </div>
  </div>
</body>
`;
